=======================================================
  Task 3 - prints My name is <first name> <last name>
=======================================================

>>> say_my_name = __import__('3-say_my_name').say_my_name

>>> say_my_name("Nicol", "Fernandez")
My name is Nicol Fernandez

>>> say_my_name("Alice", 8)
Traceback (most recent call last):
TypeError: last_name must be a string

>>> say_my_name(9, "Suarez")
Traceback (most recent call last):
TypeError: first_name must be a string

>>> say_my_name()
Traceback (most recent call last):
TypeError: say_my_name() missing 1 required positional argument: 'first_name'

>>> say_my_name("Elsa", "Porrico", "Tomate")
Traceback (most recent call last):
TypeError: say_my_name() takes from 1 to 2 positional arguments but 3 were given

>>> say_my_name(Sara, "Mpion")
Traceback (most recent call last):
NameError: name 'Sara' is not defined

>>> say_my_name("50", "Cent")
My name is 50 Cent
